Running Research Council
Project: benchmark-v0.1
Model: gemma4:31b-cloud

Processing: researcher
Prompt size:
237737 /tmp/council-prompt.txt
Saved:
/home/sovereign/research-council/projects/benchmark-v0.1/analysis/researcher-task-001-090400.md
Processing: historian
Prompt size:
237735 /tmp/council-prompt.txt
Saved:
/home/sovereign/research-council/projects/benchmark-v0.1/analysis/historian-task-001-090421.md
Processing: philosopher
Prompt size:
237739 /tmp/council-prompt.txt
Saved:
/home/sovereign/research-council/projects/benchmark-v0.1/analysis/philosopher-task-001-090444.md
Processing: strategist
Prompt size:
237737 /tmp/council-prompt.txt
Saved:
/home/sovereign/research-council/projects/benchmark-v0.1/analysis/strategist-task-001-090512.md
Processing: skeptic
Prompt size:
237731 /tmp/council-prompt.txt
Saved:
/home/sovereign/research-council/projects/benchmark-v0.1/analysis/skeptic-task-001-090538.md
Processing: red-team
Prompt size:
237733 /tmp/council-prompt.txt
Saved:
/home/sovereign/research-council/projects/benchmark-v0.1/analysis/red-team-task-001-090556.md
Processing: editor
Prompt size:
237729 /tmp/council-prompt.txt
Saved:
/home/sovereign/research-council/projects/benchmark-v0.1/analysis/editor-task-001-090613.md
Processing: archivist
Prompt size:
237735 /tmp/council-prompt.txt
Saved:
/home/sovereign/research-council/projects/benchmark-v0.1/analysis/archivist-task-001-090628.md
Knowledge entry:
/home/sovereign/research-council/knowledge/entries/entry-090656.md
Processing: librarian
Prompt size:
245129 /tmp/council-prompt.txt
Saved:
/home/sovereign/research-council/projects/benchmark-v0.1/analysis/librarian-task-001-090656.md

Run record:
/home/sovereign/research-council/projects/benchmark-v0.1/runs/run-20260908-090713.md

Council run complete.
