Running Research Council
Project: benchmark-v0.1
Model: gemma4:31b-cloud

Processing: researcher
Prompt size:
206612 /tmp/council-prompt.txt
Saved:
/home/sovereign/research-council/projects/benchmark-v0.1/analysis/researcher-task-001-072440.md
Processing: historian
Prompt size:
206610 /tmp/council-prompt.txt
Saved:
/home/sovereign/research-council/projects/benchmark-v0.1/analysis/historian-task-001-072508.md
Processing: philosopher
Prompt size:
206614 /tmp/council-prompt.txt
Saved:
/home/sovereign/research-council/projects/benchmark-v0.1/analysis/philosopher-task-001-072524.md
Processing: strategist
Prompt size:
206612 /tmp/council-prompt.txt
Saved:
/home/sovereign/research-council/projects/benchmark-v0.1/analysis/strategist-task-001-072538.md
Processing: skeptic
Prompt size:
206606 /tmp/council-prompt.txt
Saved:
/home/sovereign/research-council/projects/benchmark-v0.1/analysis/skeptic-task-001-072553.md
Processing: red-team
Prompt size:
206608 /tmp/council-prompt.txt
Saved:
/home/sovereign/research-council/projects/benchmark-v0.1/analysis/red-team-task-001-072622.md
Processing: editor
Prompt size:
206604 /tmp/council-prompt.txt
Saved:
/home/sovereign/research-council/projects/benchmark-v0.1/analysis/editor-task-001-072638.md
Processing: archivist
Prompt size:
206610 /tmp/council-prompt.txt
Saved:
/home/sovereign/research-council/projects/benchmark-v0.1/analysis/archivist-task-001-072710.md
Knowledge entry:
/home/sovereign/research-council/knowledge/entries/entry-072718.md
Processing: librarian
Prompt size:
209381 /tmp/council-prompt.txt
Saved:
/home/sovereign/research-council/projects/benchmark-v0.1/analysis/librarian-task-001-072718.md

Run record:
/home/sovereign/research-council/projects/benchmark-v0.1/runs/run-20260908-072728.md

Council run complete.
