Running Research Council
Project: benchmark-v0.1
Model: gemma4:31b-cloud

Processing: researcher
Prompt size:
213219 /tmp/council-prompt.txt
Saved:
/home/sovereign/research-council/projects/benchmark-v0.1/analysis/researcher-task-001-084034.md
Processing: historian
Prompt size:
213217 /tmp/council-prompt.txt
Saved:
/home/sovereign/research-council/projects/benchmark-v0.1/analysis/historian-task-001-084100.md
Processing: philosopher
Prompt size:
213221 /tmp/council-prompt.txt
Saved:
/home/sovereign/research-council/projects/benchmark-v0.1/analysis/philosopher-task-001-084119.md
Processing: strategist
Prompt size:
213219 /tmp/council-prompt.txt
Saved:
/home/sovereign/research-council/projects/benchmark-v0.1/analysis/strategist-task-001-084137.md
Processing: skeptic
Prompt size:
213213 /tmp/council-prompt.txt
Saved:
/home/sovereign/research-council/projects/benchmark-v0.1/analysis/skeptic-task-001-084149.md
Processing: red-team
Prompt size:
213215 /tmp/council-prompt.txt
Saved:
/home/sovereign/research-council/projects/benchmark-v0.1/analysis/red-team-task-001-084215.md
Processing: editor
Prompt size:
213211 /tmp/council-prompt.txt
Saved:
/home/sovereign/research-council/projects/benchmark-v0.1/analysis/editor-task-001-084229.md
Processing: archivist
Prompt size:
213217 /tmp/council-prompt.txt
Saved:
/home/sovereign/research-council/projects/benchmark-v0.1/analysis/archivist-task-001-084248.md
Knowledge entry:
/home/sovereign/research-council/knowledge/entries/entry-084306.md
Processing: librarian
Prompt size:
221312 /tmp/council-prompt.txt
Saved:
/home/sovereign/research-council/projects/benchmark-v0.1/analysis/librarian-task-001-084306.md

Run record:
/home/sovereign/research-council/projects/benchmark-v0.1/runs/run-20260908-084322.md

Council run complete.
