Running Research Council
Project: benchmark-v0.1
Model: gemma4:31b-cloud

Processing: researcher
Prompt size:
206658 /tmp/council-prompt.txt
Saved:
/home/sovereign/research-council/projects/benchmark-v0.1/analysis/researcher-task-001-085032.md
Processing: historian
Prompt size:
206656 /tmp/council-prompt.txt
Saved:
/home/sovereign/research-council/projects/benchmark-v0.1/analysis/historian-task-001-085100.md
Processing: philosopher
Prompt size:
206660 /tmp/council-prompt.txt
Saved:
/home/sovereign/research-council/projects/benchmark-v0.1/analysis/philosopher-task-001-085110.md
Processing: strategist
Prompt size:
206658 /tmp/council-prompt.txt
Saved:
/home/sovereign/research-council/projects/benchmark-v0.1/analysis/strategist-task-001-085146.md
Processing: skeptic
Prompt size:
206652 /tmp/council-prompt.txt
Saved:
/home/sovereign/research-council/projects/benchmark-v0.1/analysis/skeptic-task-001-085208.md
Processing: red-team
Prompt size:
206654 /tmp/council-prompt.txt
Saved:
/home/sovereign/research-council/projects/benchmark-v0.1/analysis/red-team-task-001-085221.md
Processing: editor
Prompt size:
206650 /tmp/council-prompt.txt
Saved:
/home/sovereign/research-council/projects/benchmark-v0.1/analysis/editor-task-001-085234.md
Processing: archivist
Prompt size:
206656 /tmp/council-prompt.txt
Saved:
/home/sovereign/research-council/projects/benchmark-v0.1/analysis/archivist-task-001-085250.md
Knowledge entry:
/home/sovereign/research-council/knowledge/entries/entry-085318.md
Processing: librarian
Prompt size:
211534 /tmp/council-prompt.txt
Saved:
/home/sovereign/research-council/projects/benchmark-v0.1/analysis/librarian-task-001-085318.md

Run record:
/home/sovereign/research-council/projects/benchmark-v0.1/runs/run-20260908-085334.md

Council run complete.
